C51 COMPILER V9.01   LCDNO                                                                 06/07/2018 11:11:43 PAGE 1   


C51 COMPILER V9.01, COMPILATION OF MODULE LCDNO
OBJECT MODULE PLACED IN lcdno.OBJ
COMPILER INVOKED BY: C:\Keil\C51\BIN\C51.EXE lcdno.c BROWSE DEBUG OBJECTEXTEND

line level    source

   1          /****************************************************
   2                 Lesson  : 8
   3                     Neme    : LCD Interface
   4                     Details : The LCD has two line and each line has 16 character
   5                                           the lcd works here 4 bit mode 
   6                                           the display show "welcome" on first line
   7                                           and "have a nice day" on second line 
   8          ******************************************************/
   9          #include<reg51.h>
  10          
  11          sbit RS = P3^7;   //Register select (RS) pin
  12          sbit RW = P3^1;   //Read write (RW) pin
  13          sbit EN = P3^5;   //Enable (EN) pin
  14          unsigned char c;
  15          int num[10];    // array to save
  16          
  17          void delay(int ms)    // Time delay function
  18          {
  19   1      int j,k;
  20   1      for(j=0;j<=ms;j++)
  21   1        for(k=0;k<=300;k++);
  22   1      }
  23          
  24          void lcd_cmd(unsigned char z)   // Funtion to send command on LCD
  25          {         
  26   1      P2 = z;
  27   1      EN = 1;
  28   1      RS = 0;
  29   1      RW = 0;
  30   1      delay(1);
  31   1      EN = 0;
  32   1      return;
  33   1      }
  34          void lcd_data(unsigned char x)
  35          {
  36   1        P2 = x;
  37   1        RW = 0;
  38   1        RS = 1;
  39   1        EN = 1;
  40   1        delay(1);
  41   1        EN = 0;
  42   1       }
  43          
  44          void lcd_val(unsigned int i)     //Function to send data on LCD
  45          {   
  46   1      int p;
  47   1      int k=0;
  48   1      //seperate digits of number and store in array 
  49   1      // 581 = 05    08    01
  50   1      while(i>0)
  51   1      {
  52   2        num[k]=i%10;   // save a digit into array
  53   2        i=i/10;                // remove same digit from number
  54   2        k++;
  55   2      }
C51 COMPILER V9.01   LCDNO                                                                 06/07/2018 11:11:43 PAGE 2   

  56   1      k--;
  57   1      // send each digit to LCD
  58   1      for (p=k;p>=0;p--)
  59   1      {
  60   2        c=num[p]+48;          // to get ASCII code of digit
  61   2        P2 = c;
  62   2        RW = 0;
  63   2        RS = 1;
  64   2        EN = 1;
  65   2        delay(1);
  66   2        EN = 0;
  67   2      }
  68   1      return;
  69   1      }
  70          
  71          void main()
  72          {
  73   1      //Initialisation
  74   1      unsigned char v=250,w;
  75   1      lcd_cmd(0x38);    // Configuring settings to 8-bit 2 row 
  76   1      delay(2);
  77   1      lcd_cmd(0x0E); 
  78   1      delay(2);
  79   1      lcd_cmd(0x06);    //Display on
  80   1      delay(2);
  81   1      lcd_cmd(0x81);    //Set cursor to blink at line 1 positon 1
  82   1      delay(2);
  83   1      
  84   1      // loop to display table
  85   1      //for(w=0;w<50;w++)
  86   1      {
  87   2      lcd_cmd(0x81);
  88   2      lcd_val(v);
  89   2      //delay(500);
  90   2      //v=v+5;
  91   2      }
  92   1      while(1);
  93   1      }
*** WARNING C280 IN LINE 74 OF LCDNO.C: 'w': unreferenced local variable


MODULE INFORMATION:   STATIC OVERLAYABLE
   CODE SIZE        =    234    ----
   CONSTANT SIZE    =   ----    ----
   XDATA SIZE       =   ----    ----
   PDATA SIZE       =   ----    ----
   DATA SIZE        =     21       1
   IDATA SIZE       =   ----    ----
   BIT SIZE         =   ----    ----
END OF MODULE INFORMATION.


C51 COMPILATION COMPLETE.  1 WARNING(S),  0 ERROR(S)
