C51 COMPILER V9.01   Y                                                                     10/19/2021 14:26:02 PAGE 1   


C51 COMPILER V9.01, COMPILATION OF MODULE Y
OBJECT MODULE PLACED IN y.OBJ
COMPILER INVOKED BY: C:\keli\C51\BIN\C51.EXE y.c BROWSE DEBUG OBJECTEXTEND

line level    source

   1          #include<reg52.h>
   2          void delay(int s)
   3          {       int i,j;
   4   1              for(i=0;i<=s;i++)
   5   1              {
   6   2                      for(j=0;j<1275;j++);
   7   2              }
   8   1              }
   9          void main()
  10          {
  11   1              while(1)
  12   1               {
  13   2                      int a;
  14   2                      P1=0x00;
  15   2                      P2=0x00;
  16   2                      for(a=0;a<8;a++)
  17   2                      {
  18   3                              
  19   3                               P1=0x80>>a;
  20   3                              delay(30);
  21   3                              P1=0x00;
  22   3                      
  23   3                      
  24   3                              P2=0x80>>a;
  25   3                              delay(30);
  26   3                              P2=0x00;
  27   3                              
  28   3      
  29   3                              
  30   3                      }
  31   2              }
  32   1      }


MODULE INFORMATION:   STATIC OVERLAYABLE
   CODE SIZE        =    118    ----
   CONSTANT SIZE    =   ----    ----
   XDATA SIZE       =   ----    ----
   PDATA SIZE       =   ----    ----
   DATA SIZE        =   ----       2
   IDATA SIZE       =   ----    ----
   BIT SIZE         =   ----    ----
END OF MODULE INFORMATION.


C51 COMPILATION COMPLETE.  0 WARNING(S),  0 ERROR(S)
